// Jest Snapshot v1, https://goo.gl/fbAQLP

exports[`Help page component should render correctly 1`] = `
<Styled(div)>
  <ForwardRef(Typography)
    sx={
      Object {
        "color": "secondary.main",
        "fontWeight": "bold",
      }
    }
    variant="h3"
  >
    title
  </ForwardRef(Typography)>
  <Styled(div)>
    <ForwardRef(Typography)
      variant="h4"
    >
      logging-in-title
    </ForwardRef(Typography)>
    <Styled(ForwardRef(Typography))
      dangerouslySetInnerHTML={
        Object {
          "__html": "logging-in-description",
        }
      }
      variant="body1"
    />
  </Styled(div)>
  <Styled(div)>
    <ForwardRef(Typography)
      variant="h4"
    >
      my-data-title
    </ForwardRef(Typography)>
    <Styled(ForwardRef(Typography))
      dangerouslySetInnerHTML={
        Object {
          "__html": "my-data-description",
        }
      }
      variant="body1"
    />
  </Styled(div)>
  <Styled(div)>
    <ForwardRef(Typography)
      variant="h4"
    >
      browse-title
    </ForwardRef(Typography)>
    <Styled(ForwardRef(Typography))
      dangerouslySetInnerHTML={
        Object {
          "__html": "browse-description",
        }
      }
      variant="body1"
    />
  </Styled(div)>
  <Styled(div)>
    <ForwardRef(Typography)
      variant="h4"
    >
      search-title
    </ForwardRef(Typography)>
    <Styled(ForwardRef(Typography))
      dangerouslySetInnerHTML={
        Object {
          "__html": "search-description",
        }
      }
      variant="body1"
    />
  </Styled(div)>
  <Styled(div)>
    <ForwardRef(Typography)
      variant="h4"
    >
      cart-title
    </ForwardRef(Typography)>
    <Styled(ForwardRef(Typography))
      dangerouslySetInnerHTML={
        Object {
          "__html": "cart-description",
        }
      }
      variant="body1"
    />
  </Styled(div)>
  <Styled(div)>
    <ForwardRef(Typography)
      variant="h4"
    >
      download-title
    </ForwardRef(Typography)>
    <Styled(ForwardRef(Typography))
      dangerouslySetInnerHTML={
        Object {
          "__html": "download-description",
        }
      }
      variant="body1"
    />
  </Styled(div)>
</Styled(div)>
`;
