// Jest Snapshot v1, https://goo.gl/fbAQLP

exports[`Help page component should render TOC correctly with nested headers 1`] = `
<Styled(nav)>
  <ForwardRef(Typography)
    variant="h5"
  >
    table-of-contents
  </ForwardRef(Typography)>
  <ul
    dangerouslySetInnerHTML={
      Object {
        "__html": "<li style='list-style: none'><a href='#test nested toc item 1'>Nested TOC item</a></li><ul><li style='list-style: none'><a href='#test nested toc item 2'>Nested TOC item 2</a></li></ul><li style='list-style: none'><a href='#test nested toc item 3'>Nested TOC item 3</a></li>",
      }
    }
    style={
      Object {
        "margin": "0px",
        "padding": "0px",
      }
    }
  />
</Styled(nav)>
`;

exports[`Help page component should render correctly 1`] = `
<Styled(div)>
  <ForwardRef(Typography)
    sx={
      Object {
        "color": "secondary.main",
        "fontWeight": "bold",
      }
    }
    variant="h3"
  >
    title
  </ForwardRef(Typography)>
  <TableOfContents />
  <Styled(div)>
    <Styled(ForwardRef(Typography))
      dangerouslySetInnerHTML={
        Object {
          "__html": "contents",
        }
      }
      variant="body1"
    />
  </Styled(div)>
</Styled(div)>
`;
