// Jest Snapshot v1, https://goo.gl/fbAQLP

exports[`Home page component homepage renders correctly 1`] = `
<div>
  <div
    className="bigImage-class"
  >
    <img
      alt="title"
      src="scigateway-white.svg"
    />
  </div>
  <div
    className="howItWorks-class"
  >
    <WithStyles(ForwardRef(Typography))
      className="howItWorksTitle-class"
      variant="h4"
    >
      how-label
    </WithStyles(ForwardRef(Typography))>
    <WithStyles(ForwardRef(Grid))
      container={true}
      spacing={3}
    >
      <WithStyles(ForwardRef(Grid))
        className="howItWorksGridItem-class"
        item={true}
        md={4}
        sm={12}
      >
        <WithStyles(ForwardRef(Typography))
          className="howItWorksGridItemTitle-class"
          variant="h5"
        >
          explore-label
        </WithStyles(ForwardRef(Typography))>
        <img
          alt=""
          className="howItWorksGridItemImage-class"
          src="explore.jpg"
        />
        <WithStyles(ForwardRef(Typography))
          className="howItWorksGridItemCaption-class"
          variant="body1"
        >
          explore-description
        </WithStyles(ForwardRef(Typography))>
      </WithStyles(ForwardRef(Grid))>
      <WithStyles(ForwardRef(Grid))
        className="howItWorksGridItem-class"
        item={true}
        md={4}
        sm={12}
      >
        <WithStyles(ForwardRef(Typography))
          className="howItWorksGridItemTitle-class"
          variant="h5"
        >
          analyse-label
        </WithStyles(ForwardRef(Typography))>
        <img
          alt=""
          className="howItWorksGridItemImage-class"
          src="analyse.jpg"
        />
        <WithStyles(ForwardRef(Typography))
          className="howItWorksGridItemCaption-class"
          variant="body1"
        >
          analyse-description
        </WithStyles(ForwardRef(Typography))>
      </WithStyles(ForwardRef(Grid))>
      <WithStyles(ForwardRef(Grid))
        className="howItWorksGridItem-class"
        item={true}
        md={4}
        sm={12}
      >
        <WithStyles(ForwardRef(Typography))
          className="howItWorksGridItemTitle-class"
          variant="h5"
        >
          record-label
        </WithStyles(ForwardRef(Typography))>
        <img
          alt=""
          className="howItWorksGridItemImage-class"
          src="record.jpg"
        />
        <WithStyles(ForwardRef(Typography))
          className="howItWorksGridItemCaption-class"
          variant="body1"
        >
          record-description
        </WithStyles(ForwardRef(Typography))>
      </WithStyles(ForwardRef(Grid))>
    </WithStyles(ForwardRef(Grid))>
    <WithStyles(ForwardRef(Typography))
      className="strapline-class"
      variant="h6"
    >
      banner-one
    </WithStyles(ForwardRef(Typography))>
    <WithStyles(ForwardRef(Typography))
      className="purpose-class"
      variant="h5"
    >
      banner-two
    </WithStyles(ForwardRef(Typography))>
  </div>
</div>
`;
