// Jest Snapshot v1, https://goo.gl/fbAQLP

exports[`Home page component homepage renders correctly 1`] = `
<div>
  <div
    className="HomePage-bigImage-2"
  >
    <WithStyles(Typography)
      className="HomePage-title-1"
      variant="h2"
    >
      title
    </WithStyles(Typography)>
  </div>
  <div
    className="HomePage-howItWorks-3"
  >
    <WithStyles(Typography)
      className="HomePage-howItWorksTitle-4"
      variant="h4"
    >
      how-label
    </WithStyles(Typography)>
    <WithStyles(Grid)
      container={true}
      spacing={24}
    >
      <WithStyles(Grid)
        className="HomePage-howItWorksGridItem-5"
        item={true}
        md={4}
        sm={12}
      >
        <WithStyles(Typography)
          className="HomePage-howItWorksGridItemTitle-6"
          variant="h5"
        >
          explore-label
        </WithStyles(Typography)>
        <img
          className="HomePage-howItWorksGridItemImage-7"
          src="explore.jpg"
        />
        <WithStyles(Typography)
          className="HomePage-howItWorksGridItemCaption-8"
          variant="body1"
        >
          explore-description
        </WithStyles(Typography)>
      </WithStyles(Grid)>
      <WithStyles(Grid)
        className="HomePage-howItWorksGridItem-5"
        item={true}
        md={4}
        sm={12}
      >
        <WithStyles(Typography)
          className="HomePage-howItWorksGridItemTitle-6"
          variant="h5"
        >
          analyse-label
        </WithStyles(Typography)>
        <img
          className="HomePage-howItWorksGridItemImage-7"
          src="analyse.jpg"
        />
        <WithStyles(Typography)
          className="HomePage-howItWorksGridItemCaption-8"
          variant="body1"
        >
          analyse-description
        </WithStyles(Typography)>
      </WithStyles(Grid)>
      <WithStyles(Grid)
        className="HomePage-howItWorksGridItem-5"
        item={true}
        md={4}
        sm={12}
      >
        <WithStyles(Typography)
          className="HomePage-howItWorksGridItemTitle-6"
          variant="h5"
        >
          record-label
        </WithStyles(Typography)>
        <img
          className="HomePage-howItWorksGridItemImage-7"
          src="record.jpg"
        />
        <WithStyles(Typography)
          className="HomePage-howItWorksGridItemCaption-8"
          variant="body1"
        >
          record-description
        </WithStyles(Typography)>
      </WithStyles(Grid)>
    </WithStyles(Grid)>
    <WithStyles(Typography)
      className="HomePage-strapline-9"
      variant="h6"
    >
      banner-one
    </WithStyles(Typography)>
    <WithStyles(Typography)
      className="HomePage-purpose-10"
      variant="h5"
    >
      banner-two
    </WithStyles(Typography)>
  </div>
</div>
`;
