// Jest Snapshot v1, https://goo.gl/fbAQLP

exports[`Page Not found component pageNotFound renders correctly 1`] = `
<div>
  <div
    className="PageNotFound-titleContainer-1"
  >
    <Memo(ForwardRef(BugReportIcon))
      className="PageNotFound-bugIcon-2"
    />
    <WithStyles(ForwardRef(Typography))
      className="PageNotFound-codeText-3"
    >
      404
    </WithStyles(ForwardRef(Typography))>
  </div>
  <div
    className="PageNotFound-container-4"
  >
    <WithStyles(ForwardRef(Typography))
      className="PageNotFound-bold-5"
      variant="h2"
    >
      Page not found
    </WithStyles(ForwardRef(Typography))>
    <WithStyles(ForwardRef(Typography))
      className="PageNotFound-message-6"
      variant="body1"
    >
      We're sorry, the page you requested was not found on the server. If you entered the URL manually please check your spelling and try again. Otherwise, return to the
       
      <Link
        className="PageNotFound-bold-5"
        to="/"
      >
        homepage
      </Link>
       
      or
       
      <Link
        className="PageNotFound-bold-5"
        to="/contact"
      >
        contact support
      </Link>
      .
    </WithStyles(ForwardRef(Typography))>
  </div>
</div>
`;
