// Jest Snapshot v1, https://goo.gl/fbAQLP

exports[`Notification Badge component Notification badge renders correctly 1`] = `
<div
  className="tour-notifications"
>
  <WithStyles(ForwardRef(IconButton))
    aria-label="Open notification menu"
    className="button-class"
    onClick={[Function]}
  >
    <WithStyles(ForwardRef(Badge))
      badgeContent={1}
      color="primary"
    >
      <Memo(ForwardRef(NotificationsIcon)) />
    </WithStyles(ForwardRef(Badge))>
  </WithStyles(ForwardRef(IconButton))>
  <WithStyles(ForwardRef(Menu))
    anchorEl={null}
    id="notifications-menu"
    onClose={[Function]}
    open={false}
  >
    <WithStyles(ForwardRef(ScigatewayNotification))
      dismissNotification={[Function]}
      index={0}
      key="0"
      message="my message"
      severity="warning"
    />
  </WithStyles(ForwardRef(Menu))>
</div>
`;
