// Jest Snapshot v1, https://goo.gl/fbAQLP

exports[`Notification Badge component Notification badge renders correctly 1`] = `
<div
  className="NotificationBadge-root-1"
>
  <WithStyles(IconButton)
    className="NotificationBadge-button-2"
    onClick={[Function]}
  >
    <WithStyles(Badge)
      badgeContent={1}
      classes={
        Object {
          "colorPrimary": "NotificationBadge-badge-3",
        }
      }
      color="primary"
    >
      <pure(NotificationsIcon) />
    </WithStyles(Badge)>
  </WithStyles(IconButton)>
  <WithStyles(Menu)
    anchorEl={null}
    id="notifications-menu"
    onClose={[Function]}
    open={false}
  >
    <WithStyles(DaaasNotification)
      dismissNotification={[Function]}
      index={0}
      key="0"
      message="my message"
      severity="warning"
    />
  </WithStyles(Menu)>
</div>
`;
