// Jest Snapshot v1, https://goo.gl/fbAQLP

exports[`Notification Badge component Notification badge renders correctly 1`] = `
<div
  className="tour-notifications"
>
  <WithStyles(ForwardRef(IconButton))
    aria-label="Open notification menu"
    className="button-class"
    onClick={[Function]}
  >
    <WithStyles(ForwardRef(Badge))
      badgeContent={null}
      classes={
        Object {
          "colorPrimary": "badge-class",
        }
      }
      color="primary"
    >
      <NotificationsIcon />
    </WithStyles(ForwardRef(Badge))>
  </WithStyles(ForwardRef(IconButton))>
</div>
`;
