// Jest Snapshot v1, https://goo.gl/fbAQLP

exports[`Login page component login page renders correctly 1`] = `
<div
  className="LoginPageComponent-root-1"
>
  <WithStyles(Paper)
    className="LoginPageComponent-paper-3"
    onKeyPress={[Function]}
  >
    <WithStyles(Avatar)
      className="LoginPageComponent-avatar-2"
    >
      <pure(LockOutlinedIcon) />
    </WithStyles(Avatar)>
    <WithStyles(Typography)
      component="h1"
      variant="h5"
    >
      title
    </WithStyles(Typography)>
    <TextField
      className="LoginPageComponent-textField-4"
      disabled={false}
      label="username-placeholder"
      onChange={[Function]}
      required={false}
      select={false}
      value=""
      variant="standard"
    />
    <TextField
      className="LoginPageComponent-textField-4"
      disabled={false}
      label="password-placeholder"
      onChange={[Function]}
      required={false}
      select={false}
      type="password"
      value=""
      variant="standard"
    />
    <WithStyles(Button)
      className="LoginPageComponent-button-5"
      color="primary"
      disabled={true}
      onClick={[Function]}
      variant="contained"
    >
      <WithStyles(Typography)
        color="inherit"
        noWrap={true}
        style={
          Object {
            "marginTop": 3,
          }
        }
      >
        login-button
      </WithStyles(Typography)>
    </WithStyles(Button)>
  </WithStyles(Paper)>
</div>
`;
