// Jest Snapshot v1, https://goo.gl/fbAQLP

exports[`Footer component footer renders correctly 1`] = `
<div
  className="root-class"
>
  <div>
    <Trans
      i18nKey="footer.links.text"
    >
      <WithStyles(ForwardRef(Link))
        href="footer.links.facility"
      >
        Facility Home
      </WithStyles(ForwardRef(Link))>
       | 
      <WithStyles(ForwardRef(Link))
        href="footer.links.privacy-statement"
      >
        Privacy statement
      </WithStyles(ForwardRef(Link))>
       | 
      <WithStyles(ForwardRef(Link))
        href="footer.links.data-policy"
      >
        Data policy
      </WithStyles(ForwardRef(Link))>
       | 
      <WithStyles(ForwardRef(Link))
        href="footer.links.contact"
      >
        Contact
      </WithStyles(ForwardRef(Link))>
       | 
      <WithStyles(ForwardRef(Link))
        component={
          Object {
            "$$typeof": Symbol(react.forward_ref),
            "displayName": "Link",
            "propTypes": Object {
              "innerRef": [Function],
              "onClick": [Function],
              "replace": [Function],
              "target": [Function],
              "to": [Function],
            },
            "render": [Function],
          }
        }
        to="/accessibility"
      >
        Accessibilty statement
      </WithStyles(ForwardRef(Link))>
    </Trans>
  </div>
  <div>
    <Trans
      i18nKey="footer.website-development-provider"
    >
      Built by the
       
      <WithStyles(ForwardRef(Link))
        href="https://www.scd.stfc.ac.uk/Pages/Software-Engineering-Group.aspx"
      >
        Data and Software Engineering Group
      </WithStyles(ForwardRef(Link))>
    </Trans>
  </div>
</div>
`;
