// Jest Snapshot v1, https://goo.gl/fbAQLP

exports[`Cookie consent component should render correctly 1`] = `
<CookieConsent
  analytics={
    Object {
      "id": "test id",
      "initialised": false,
    }
  }
  classes={
    Object {
      "button": "CookieConsent-button-2",
      "root": "CookieConsent-root-1",
    }
  }
  initialiseAnalytics={[Function]}
  loading={false}
  location={
    Object {
      "hash": "",
      "pathname": "/",
      "search": "",
    }
  }
  navigateToCookies={[Function]}
  store={
    Object {
      "clearActions": [Function],
      "dispatch": [Function],
      "getActions": [Function],
      "getState": [Function],
      "replaceReducer": [Function],
      "subscribe": [Function],
    }
  }
/>
`;
