// Jest Snapshot v1, https://goo.gl/fbAQLP

exports[`Cookies page component should render correctly 1`] = `
<CookiesPage
  classes={
    Object {
      "button": "CookiesPage-button-6",
      "container": "CookiesPage-container-2",
      "cookieList": "CookiesPage-cookieList-7",
      "cookieListItem": "CookiesPage-cookieListItem-8",
      "cookiePolicy": "CookiesPage-cookiePolicy-4",
      "cookieTypes": "CookiesPage-cookieTypes-5",
      "root": "CookiesPage-root-1",
      "titleText": "CookiesPage-titleText-3",
    }
  }
  navigateToHome={[Function]}
  store={
    Object {
      "clearActions": [Function],
      "dispatch": [Function],
      "getActions": [Function],
      "getState": [Function],
      "replaceReducer": [Function],
      "subscribe": [Function],
    }
  }
/>
`;
