// Jest Snapshot v1, https://goo.gl/fbAQLP

exports[`Cookie consent component should render correctly 1`] = `
<WithStyles(ForwardRef(Snackbar))
  ContentProps={
    Object {
      "className": "root-class",
    }
  }
  action={
    Array [
      <WithStyles(ForwardRef(Button))
        className="button-class"
        onClick={[MockFunction]}
        size="small"
        variant="outlined"
      >
        manage-preferences-button
      </WithStyles(ForwardRef(Button))>,
      <WithStyles(ForwardRef(Button))
        className="button-class"
        color="primary"
        onClick={[Function]}
        size="small"
        variant="contained"
      >
        accept-button
      </WithStyles(ForwardRef(Button))>,
    ]
  }
  anchorOrigin={
    Object {
      "horizontal": "left",
      "vertical": "bottom",
    }
  }
  message={
    <div>
      text
    </div>
  }
  open={false}
/>
`;
