// Jest Snapshot v1, https://goo.gl/fbAQLP

exports[`Contact page componet should render correctly 1`] = `
<div
  className="root-class"
>
  <WithStyles(ForwardRef(Typography))
    className="titleText-class"
    variant="h3"
  >
    title
  </WithStyles(ForwardRef(Typography))>
  <div
    className="container-class"
  >
    <WithStyles(ForwardRef(Typography))
      variant="h4"
    >
      contact-details-title
    </WithStyles(ForwardRef(Typography))>
    <WithStyles(ForwardRef(Typography))
      className="contactDetails-class"
      dangerouslySetInnerHTML={
        Object {
          "__html": "contact-details-description",
        }
      }
      variant="body1"
    />
  </div>
</div>
`;
