// Jest Snapshot v1, https://goo.gl/fbAQLP

exports[`Maintenance page component should render correctly 1`] = `
<WithStyles(MaintenancePage)
  classes={
    Object {
      "container": "container-class",
      "root": "root-class",
      "titleText": "titleText-class",
    }
  }
  message="test"
>
  <MaintenancePage
    classes={
      Object {
        "container": "MaintenancePage-container-2 container-class",
        "root": "MaintenancePage-root-1 root-class",
        "titleText": "MaintenancePage-titleText-3 titleText-class",
      }
    }
    message="test"
  >
    <div
      className="MaintenancePage-root-1 root-class"
    >
      <WithStyles(ForwardRef(Typography))
        className="MaintenancePage-titleText-3 titleText-class"
        variant="h3"
      >
        <ForwardRef(Typography)
          className="MaintenancePage-titleText-3 titleText-class"
          classes={
            Object {
              "alignCenter": "MuiTypography-alignCenter",
              "alignJustify": "MuiTypography-alignJustify",
              "alignLeft": "MuiTypography-alignLeft",
              "alignRight": "MuiTypography-alignRight",
              "body1": "MuiTypography-body1",
              "body2": "MuiTypography-body2",
              "button": "MuiTypography-button",
              "caption": "MuiTypography-caption",
              "colorError": "MuiTypography-colorError",
              "colorInherit": "MuiTypography-colorInherit",
              "colorPrimary": "MuiTypography-colorPrimary",
              "colorSecondary": "MuiTypography-colorSecondary",
              "colorTextPrimary": "MuiTypography-colorTextPrimary",
              "colorTextSecondary": "MuiTypography-colorTextSecondary",
              "displayBlock": "MuiTypography-displayBlock",
              "displayInline": "MuiTypography-displayInline",
              "gutterBottom": "MuiTypography-gutterBottom",
              "h1": "MuiTypography-h1",
              "h2": "MuiTypography-h2",
              "h3": "MuiTypography-h3",
              "h4": "MuiTypography-h4",
              "h5": "MuiTypography-h5",
              "h6": "MuiTypography-h6",
              "noWrap": "MuiTypography-noWrap",
              "overline": "MuiTypography-overline",
              "paragraph": "MuiTypography-paragraph",
              "root": "MuiTypography-root",
              "srOnly": "MuiTypography-srOnly",
              "subtitle1": "MuiTypography-subtitle1",
              "subtitle2": "MuiTypography-subtitle2",
            }
          }
          variant="h3"
        >
          <h3
            className="MuiTypography-root MaintenancePage-titleText-3 titleText-class MuiTypography-h3"
          >
            Maintenance
          </h3>
        </ForwardRef(Typography)>
      </WithStyles(ForwardRef(Typography))>
      <div
        className="MaintenancePage-container-2 container-class"
      >
        <WithStyles(ForwardRef(Typography))
          variant="h4"
        >
          <ForwardRef(Typography)
            classes={
              Object {
                "alignCenter": "MuiTypography-alignCenter",
                "alignJustify": "MuiTypography-alignJustify",
                "alignLeft": "MuiTypography-alignLeft",
                "alignRight": "MuiTypography-alignRight",
                "body1": "MuiTypography-body1",
                "body2": "MuiTypography-body2",
                "button": "MuiTypography-button",
                "caption": "MuiTypography-caption",
                "colorError": "MuiTypography-colorError",
                "colorInherit": "MuiTypography-colorInherit",
                "colorPrimary": "MuiTypography-colorPrimary",
                "colorSecondary": "MuiTypography-colorSecondary",
                "colorTextPrimary": "MuiTypography-colorTextPrimary",
                "colorTextSecondary": "MuiTypography-colorTextSecondary",
                "displayBlock": "MuiTypography-displayBlock",
                "displayInline": "MuiTypography-displayInline",
                "gutterBottom": "MuiTypography-gutterBottom",
                "h1": "MuiTypography-h1",
                "h2": "MuiTypography-h2",
                "h3": "MuiTypography-h3",
                "h4": "MuiTypography-h4",
                "h5": "MuiTypography-h5",
                "h6": "MuiTypography-h6",
                "noWrap": "MuiTypography-noWrap",
                "overline": "MuiTypography-overline",
                "paragraph": "MuiTypography-paragraph",
                "root": "MuiTypography-root",
                "srOnly": "MuiTypography-srOnly",
                "subtitle1": "MuiTypography-subtitle1",
                "subtitle2": "MuiTypography-subtitle2",
              }
            }
            variant="h4"
          >
            <h4
              className="MuiTypography-root MuiTypography-h4"
            >
              test
            </h4>
          </ForwardRef(Typography)>
        </WithStyles(ForwardRef(Typography))>
      </div>
    </div>
  </MaintenancePage>
</WithStyles(MaintenancePage)>
`;
