// Jest Snapshot v1, https://goo.gl/fbAQLP

exports[`PageContainer - Tests renders correctly 1`] = `
<div
  className="PageContainer-root-1"
>
  <Connect(Preloader)
    fullScreen={true}
  />
  <Connect(WithStyles(MainAppBar)) />
  <Connect(WithStyles(NavigationDrawer)) />
  <Connect(WithTheme(Tour)) />
  <Connect(WithStyles(CookieConsent)) />
  <Connect(WithStyles(Routing)) />
  <Connect(WithStyles(Footer)) />
</div>
`;
