// Jest Snapshot v1, https://goo.gl/fbAQLP

exports[`AuthorisedRoute component renders component when user logged in 1`] = `
<div>
  <ComponentToProtect
    loading={false}
    location="/"
    loggedIn={true}
    requestPluginRerender={[Function]}
    store={
      Object {
        "clearActions": [Function],
        "dispatch": [Function],
        "getActions": [Function],
        "getState": [Function],
        "replaceReducer": [Function],
        "subscribe": [Function],
      }
    }
  />
</div>
`;

exports[`AuthorisedRoute component renders nothing when site is loading due to LoadingAuthProvider 1`] = `<div />`;

exports[`AuthorisedRoute component renders nothing when site is loading due to loading prop 1`] = `<div />`;

exports[`AuthorisedRoute component renders redirect when user not logged in 1`] = `
<div>
  <Redirect
    push={true}
    to={
      Object {
        "pathname": "/login",
        "state": Object {
          "referrer": "/",
        },
      }
    }
  />
</div>
`;
